-------------------------------------------------------------------------------
      name:  check
       log:  /Users/esmith/Desktop/food waste RnR/replication/logs/check_reprod
> uction.log
  log type:  text
 opened on:  18 Sep 2026, 15:31:22

. 
. // Build the analysis-ready data from the public file (quietly).
. qui do "scripts/RnR_00_prep.do"

. 
. di as txt _n(2) "{hline 78}"


------------------------------------------------------------------------------

. di as txt "REPRODUCTION CHECK — computed value  [paper value]"
REPRODUCTION CHECK — computed value  [paper value]

. di as txt "{hline 78}"
------------------------------------------------------------------------------

. 
. // ---------------------------------------------------------------------
. // 1. Sample sizes
. // ---------------------------------------------------------------------
. di as res _n "1. SAMPLE SIZES"

1. SAMPLE SIZES

. qui count

. di as txt "   Rows in public data (all)        = " as res r(N)  as txt "   [9,817]"
   Rows in public data (all)        = 9817   [9,817]

. qui count if !missing(w12_treat3)

. di as txt "   Analytical N (took experiment)   = " as res r(N)  as txt "   [6,586]"
   Analytical N (took experiment)   = 6586   [6,586]

. qui count if treat_assign==0

. di as txt "   Untreated baseline arm (burden)  = " as res r(N)  as txt "   [3,295]"
   Untreated baseline arm (burden)  = 3295   [3,295]

. qui count if treat_assign==1

. di as txt "   Experimental module (food waste) = " as res r(N)  as txt "   [3,291]"
   Experimental module (food waste) = 3291   [3,291]

. 
. // ---------------------------------------------------------------------
. // 2. Figure 2 — baseline means (untreated arm)
. // ---------------------------------------------------------------------
. di as res _n "2. FIGURE 2 — baseline means (POMS 0-1)"

2. FIGURE 2 — baseline means (POMS 0-1)

. foreach pair in "pol_supp_info_base info [0.77]" ///
>                 "pol_supp_tax_base tax [0.58]" ///
>                 "pol_supp_mandate_base mandate [0.67]" ///
>                 "state_vol_base vol [0.41]" ///
>                 "state_gov_base gov [0.56]" ///
>                 "state_busi_base busi [0.68]" {
  2.     gettoken v rest : pair
  3.     gettoken lab paper : rest
  4.     qui mean `v'
  5.     di as txt "   " %-8s "`lab'" " mean = " as res %5.3f el(r(table),1,1) as txt "   `paper'"
  6. }
   info     mean = 0.769    [0.77]
   tax      mean = 0.583    [0.58]
   mandate  mean = 0.668    [0.67]
   vol      mean = 0.405    [0.41]
   gov      mean = 0.557    [0.56]
   busi     mean = 0.679    [0.68]

. 
. // ---------------------------------------------------------------------
. // 3. Figure 3 — awareness AMEs on perceptions (Panel a)
. // ---------------------------------------------------------------------
. di as res _n "3. FIGURE 3a — awareness AMEs (info vs no info)"

3. FIGURE 3a — awareness AMEs (info vs no info)

. local p3a_vol "[-0.02  (-0.04, -0.001)]"

. local p3a_gov "[ 0.03  ( 0.01,  0.05)]"

. local p3a_busi "[-0.02  (-0.04, -0.0004)]"

. foreach y in vol gov busi {
  2.     qui regress state_`y'_t_info i.treat_action_state
  3.     qui margins, dydx(treat_action_state) post
  4.     matrix R = r(table)
  5.     local k = colnumb(R, "2.treat_action_state")
  6.     di as txt "   " %-5s "`y'" " AME = " as res %6.3f R[1,`k'] ///
>         as txt "  95% CI [" as res %6.3f R[5,`k'] as txt ", " ///
>         as res %6.3f R[6,`k'] as txt "]   `p3a_`y''"
  7. }
   vol   AME = -0.019  95% CI [-0.037, -0.001]   [-0.02  (-0.04, -0.001)]
   gov   AME =  0.029  95% CI [ 0.010,  0.049]   [ 0.03  ( 0.01,  0.05)]
   busi  AME = -0.020  95% CI [-0.039, -0.000]   [-0.02  (-0.04, -0.0004)]

. 
. // ---------------------------------------------------------------------
. // 4. Figure 3 — effectiveness AMEs on perception change (Panel b)
. // ---------------------------------------------------------------------
. di as res _n "4. FIGURE 3b — effectiveness AMEs on Δ perception (vs no-frame)"

4. FIGURE 3b — effectiveness AMEs on Δ perception (vs no-frame)

. di as txt "   paper: vol NEGATIVE -0.04 [-0.06,-0.02]; vol POSITIVE 0.05 [0.03,0.07];"
   paper: vol NEGATIVE -0.04 [-0.06,-0.02]; vol POSITIVE 0.05 [0.03,0.07];

. di as txt "          gov POSITIVE -0.03 [-0.04,-0.01]"
          gov POSITIVE -0.03 [-0.04,-0.01]

. foreach y in vol gov busi {
  2.     qui regress state_`y'_t_effect b1.treat_effect_3
  3.     qui margins, dydx(treat_effect_3) post
  4.     matrix R = r(table)
  5.     foreach con in 2 3 {
  6.         local k = colnumb(R, "`con'.treat_effect_3")
  7.         local arm = cond(`con'==2, "will-not-achieve", "will-achieve   ")
  8.         di as txt "   " %-5s "`y'" " `arm' AME = " as res %6.3f R[1,`k'] ///
>             as txt "  [" as res %6.3f R[5,`k'] as txt ", " as res %6.3f R[6,`k'] as txt "]"
  9.     }
 10. }
   vol   will-not-achieve AME = -0.041  [-0.059, -0.022]
   vol   will-achieve    AME =  0.049  [ 0.030,  0.067]
   gov   will-not-achieve AME =  0.012  [-0.004,  0.028]
   gov   will-achieve    AME = -0.026  [-0.043, -0.010]
   busi  will-not-achieve AME =  0.009  [-0.009,  0.027]
   busi  will-achieve    AME = -0.001  [-0.020,  0.017]

. 
. // ---------------------------------------------------------------------
. // 5. Figure 4 — awareness AMEs on policy support (Panel a)
. // ---------------------------------------------------------------------
. di as res _n "5. FIGURE 4a — awareness AMEs on policy support (FW info vs baseline)"

5. FIGURE 4a — awareness AMEs on policy support (FW info vs baseline)

. local p4a_info "[0.02 (0.003, 0.03)]"

. local p4a_tax "[0.02 (0.01, 0.04)]"

. local p4a_mandate "[0.03 (0.02, 0.05)]"

. foreach y in info tax mandate {
  2.     qui regress pol_supp_`y'_t_info i.treat_action_policy
  3.     qui margins, dydx(treat_action_policy) post
  4.     matrix R = r(table)
  5.     local k = colnumb(R, "1.treat_action_policy")
  6.     di as txt "   " %-8s "`y'" " AME = " as res %6.3f R[1,`k'] ///
>         as txt "  [" as res %6.3f R[5,`k'] as txt ", " as res %6.3f R[6,`k'] ///
>         as txt "]   `p4a_`y''"
  7. }
   info     AME =  0.016  [ 0.003,  0.030]   [0.02 (0.003, 0.03)]
   tax      AME =  0.024  [ 0.007,  0.041]   [0.02 (0.01, 0.04)]
   mandate  AME =  0.033  [ 0.018,  0.047]   [0.03 (0.02, 0.05)]

. 
. // ---------------------------------------------------------------------
. // 6. Figure 5 — top-priority distribution within no-frame arm
. // ---------------------------------------------------------------------
. di as res _n "6. FIGURE 5a — top-priority distribution (treat_effect==1 arm)"

6. FIGURE 5a — top-priority distribution (treat_effect==1 arm)

. qui count if treat_effect==1 & !missing(top_pref)

. local tot = r(N)

. local labs `" "Information (42.16%)" "Taxes (11.53%)" "Mandates (36.20%)" "Voluntary (10.11%)" "'

. forvalues k = 1/4 {
  2.     qui count if treat_effect==1 & top_pref==`k'
  3.     local lab : word `k' of `labs'
  4.     di as txt "   cat `k' = " as res %5.2f 100*r(N)/`tot' as txt "%   [`lab']"
  5. }
   cat 1 = 42.16%   [Information (42.16%)]
   cat 2 = 11.53%   [Taxes (11.53%)]
   cat 3 = 36.20%   [Mandates (36.20%)]
   cat 4 = 10.11%   [Voluntary (10.11%)]

. 
. // ---------------------------------------------------------------------
. // 7. Table A1 — reliability (Cronbach's alpha) spot check
. // ---------------------------------------------------------------------
. di as res _n "7. TABLE A1 — Cronbach's alpha (spot check)"

7. TABLE A1 — Cronbach's alpha (spot check)

. qui alpha state_36_vol state_36_gov state_36_busi

. di as txt "   perception 3-item alpha = " as res %4.2f r(alpha) as txt "   [0.75]"
   perception 3-item alpha = 0.75   [0.75]

. local pol

. foreach n of num 1/12 {
  2.     local pol `pol' poms_policy_37_`n'
  3. }

. qui alpha `pol'

. di as txt "   policy 12-item alpha    = " as res %4.2f r(alpha) as txt "   [0.89]"
   policy 12-item alpha    = 0.89   [0.89]

. 
. di as txt _n "{hline 78}"

------------------------------------------------------------------------------

. di as txt "If the computed values match the [paper] values, the public dataset"
If the computed values match the [paper] values, the public dataset

. di as txt "reproduces the accepted results."
reproduces the accepted results.

. di as txt "{hline 78}"
------------------------------------------------------------------------------

. 
. log close check
      name:  check
       log:  /Users/esmith/Desktop/food waste RnR/replication/logs/check_reproduction.log
  log type:  text
 closed on:  18 Sep 2026, 15:31:24
------------------------------------------------------------------------------------------------------------------------
